Clock: clk
Sources: clk 
Generated: no
Virtual: yes
Propagated: no
Period: 25.000000

===========================================================================
report_clock_properties
============================================================================
Clock                   Period          Waveform
----------------------------------------------------
clk                  25.000000    0.000000 12.500000

===========================================================================
report_clock_latency
============================================================================
Clock clk
rise -> rise
    min     max
0.000000 0.000000 source latency
0.692135         network latency out_sky130_fd_sc_hd__dfxtp_2_Q_31/CLK
        0.729289 network latency out_sky130_fd_sc_hd__dfxtp_2_Q/CLK
---------------
0.692135 0.729289 latency
        0.037154 skew

fall -> fall
    min     max
0.000000 0.000000 source latency
0.607748         network latency out_sky130_fd_sc_hd__dfxtp_2_Q_31/CLK
        0.639827 network latency out_sky130_fd_sc_hd__dfxtp_2_Q/CLK
---------------
0.607748 0.639827 latency
        0.032079 skew



===========================================================================
report_clock_min_period
============================================================================
clk period_min = 6.20 fmax = 161.23
