
===========================================================================
 report_power
============================================================================
======================= max_tt_025C_1v80 Corner ===================================

Group                    Internal    Switching      Leakage        Total
                            Power        Power        Power        Power (Watts)
------------------------------------------------------------------------
Sequential           4.282584e-04 4.981741e-05 1.616013e-09 4.780775e-04  22.3%
Combinational        4.784908e-04 4.937089e-04 4.841061e-09 9.722046e-04  45.3%
Clock                5.012696e-04 1.951395e-04 5.083032e-08 6.964600e-04  32.4%
Macro                0.000000e+00 0.000000e+00 0.000000e+00 0.000000e+00   0.0%
Pad                  0.000000e+00 0.000000e+00 0.000000e+00 0.000000e+00   0.0%
------------------------------------------------------------------------
Total                1.408019e-03 7.386667e-04 5.728770e-08 2.146743e-03 100.0%
                            65.6%        34.4%         0.0%

