Clock: clk
Sources: clk 
Generated: no
Virtual: yes
Propagated: no
Period: 25.000000

===========================================================================
report_clock_properties
============================================================================
Clock                   Period          Waveform
----------------------------------------------------
clk                  25.000000    0.000000 12.500000

===========================================================================
report_clock_latency
============================================================================
Clock clk
rise -> rise
    min     max
0.000000 0.000000 source latency
1.143097         network latency out_sky130_fd_sc_hd__dfxtp_2_Q_31/CLK
        1.180873 network latency out_sky130_fd_sc_hd__dfxtp_2_Q/CLK
---------------
1.143097 1.180873 latency
        0.037776 skew

fall -> fall
    min     max
0.000000 0.000000 source latency
1.043005         network latency out_sky130_fd_sc_hd__dfxtp_2_Q_31/CLK
        1.074067 network latency out_sky130_fd_sc_hd__dfxtp_2_Q/CLK
---------------
1.043005 1.074067 latency
        0.031062 skew



===========================================================================
report_clock_min_period
============================================================================
clk period_min = 11.78 fmax = 84.88
