
===========================================================================
 report_power
============================================================================
======================= min_ss_100C_1v60 Corner ===================================

Group                    Internal    Switching      Leakage        Total
                            Power        Power        Power        Power (Watts)
------------------------------------------------------------------------
Sequential           3.390340e-04 3.537011e-05 2.924516e-06 3.773286e-04  22.3%
Combinational        3.892430e-04 3.722903e-04 6.393905e-06 7.679272e-04  45.3%
Clock                4.072346e-04 1.407396e-04 1.474152e-06 5.494484e-04  32.4%
Macro                0.000000e+00 0.000000e+00 0.000000e+00 0.000000e+00   0.0%
Pad                  0.000000e+00 0.000000e+00 0.000000e+00 0.000000e+00   0.0%
------------------------------------------------------------------------
Total                1.135512e-03 5.483996e-04 1.079263e-05 1.694704e-03 100.0%
                            67.0%        32.4%         0.6%

