Clock: clk
Sources: clk 
Generated: no
Virtual: yes
Propagated: no
Period: 25.000000

===========================================================================
report_clock_properties
============================================================================
Clock                   Period          Waveform
----------------------------------------------------
clk                  25.000000    0.000000 12.500000

===========================================================================
report_clock_latency
============================================================================
Clock clk
rise -> rise
    min     max
0.000000 0.000000 source latency
1.170195         network latency out_sky130_fd_sc_hd__dfxtp_2_Q_31/CLK
        1.213331 network latency out_sky130_fd_sc_hd__dfxtp_2_Q/CLK
---------------
1.170195 1.213331 latency
        0.043136 skew

fall -> fall
    min     max
0.000000 0.000000 source latency
1.062294         network latency out_sky130_fd_sc_hd__dfxtp_2_Q_31/CLK
        1.098022 network latency out_sky130_fd_sc_hd__dfxtp_2_Q/CLK
---------------
1.062294 1.098022 latency
        0.035728 skew



===========================================================================
report_clock_min_period
============================================================================
clk period_min = 11.92 fmax = 83.88
