
===========================================================================
 report_power
============================================================================
======================= nom_ss_100C_1v60 Corner ===================================

Group                    Internal    Switching      Leakage        Total
                            Power        Power        Power        Power (Watts)
------------------------------------------------------------------------
Sequential           3.390749e-04 3.719768e-05 2.924516e-06 3.791971e-04  22.2%
Combinational        3.894058e-04 3.803654e-04 6.393905e-06 7.761650e-04  45.4%
Clock                4.075206e-04 1.457436e-04 1.474152e-06 5.547384e-04  32.4%
Macro                0.000000e+00 0.000000e+00 0.000000e+00 0.000000e+00   0.0%
Pad                  0.000000e+00 0.000000e+00 0.000000e+00 0.000000e+00   0.0%
------------------------------------------------------------------------
Total                1.136001e-03 5.633070e-04 1.079263e-05 1.710100e-03 100.0%
                            66.4%        32.9%         0.6%

