
===========================================================================
 report_power
============================================================================
======================= max_ff_n40C_1v95 Corner ===================================

Group                    Internal    Switching      Leakage        Total
                            Power        Power        Power        Power (Watts)
------------------------------------------------------------------------
Sequential           4.937065e-04 5.965294e-05 3.494390e-09 5.533629e-04  22.3%
Combinational        5.384462e-04 5.827236e-04 1.225760e-08 1.121182e-03  45.2%
Clock                5.754344e-04 2.318826e-04 6.325973e-08 8.073802e-04  32.5%
Macro                0.000000e+00 0.000000e+00 0.000000e+00 0.000000e+00   0.0%
Pad                  0.000000e+00 0.000000e+00 0.000000e+00 0.000000e+00   0.0%
------------------------------------------------------------------------
Total                1.607587e-03 8.742599e-04 7.901153e-08 2.481926e-03 100.0%
                            64.8%        35.2%         0.0%

