Clock: clk
Sources: clk 
Generated: no
Virtual: yes
Propagated: no
Period: 25.000000

===========================================================================
report_clock_properties
============================================================================
Clock                   Period          Waveform
----------------------------------------------------
clk                  25.000000    0.000000 12.500000

===========================================================================
report_clock_latency
============================================================================
Clock clk
rise -> rise
    min     max
0.000000 0.000000 source latency
0.465445         network latency out_sky130_fd_sc_hd__dfxtp_2_Q_31/CLK
        0.487454 network latency out_sky130_fd_sc_hd__dfxtp_2_Q/CLK
---------------
0.465445 0.487454 latency
        0.022009 skew

fall -> fall
    min     max
0.000000 0.000000 source latency
0.408053         network latency out_sky130_fd_sc_hd__dfxtp_2_Q_31/CLK
        0.427143 network latency out_sky130_fd_sc_hd__dfxtp_2_Q/CLK
---------------
0.408053 0.427143 latency
        0.019090 skew



===========================================================================
report_clock_min_period
============================================================================
clk period_min = 3.94 fmax = 253.73
