Clock: clk
Sources: clk 
Generated: no
Virtual: yes
Propagated: no
Period: 25.000000

===========================================================================
report_clock_properties
============================================================================
Clock                   Period          Waveform
----------------------------------------------------
clk                  25.000000    0.000000 12.500000

===========================================================================
report_clock_latency
============================================================================
Clock clk
rise -> rise
    min     max
0.000000 0.000000 source latency
1.201248         network latency out_sky130_fd_sc_hd__dfxtp_2_Q_31/CLK
        1.254129 network latency out_sky130_fd_sc_hd__dfxtp_2_Q/CLK
---------------
1.201248 1.254129 latency
        0.052881 skew

fall -> fall
    min     max
0.000000 0.000000 source latency
1.085159         network latency out_sky130_fd_sc_hd__dfxtp_2_Q_31/CLK
        1.129470 network latency out_sky130_fd_sc_hd__dfxtp_2_Q/CLK
---------------
1.085159 1.129470 latency
        0.044311 skew



===========================================================================
report_clock_min_period
============================================================================
clk period_min = 12.07 fmax = 82.85
