
===========================================================================
 report_power
============================================================================
======================= max_ss_100C_1v60 Corner ===================================

Group                    Internal    Switching      Leakage        Total
                            Power        Power        Power        Power (Watts)
------------------------------------------------------------------------
Sequential           3.390821e-04 3.868662e-05 2.924516e-06 3.806932e-04  22.1%
Combinational        3.895337e-04 3.883405e-04 6.393905e-06 7.842681e-04  45.5%
Clock                4.077889e-04 1.510951e-04 1.474152e-06 5.603582e-04  32.5%
Macro                0.000000e+00 0.000000e+00 0.000000e+00 0.000000e+00   0.0%
Pad                  0.000000e+00 0.000000e+00 0.000000e+00 0.000000e+00   0.0%
------------------------------------------------------------------------
Total                1.136404e-03 5.781222e-04 1.079263e-05 1.725319e-03 100.0%
                            65.9%        33.5%         0.6%

