Clock: clk
Sources: clk 
Generated: no
Virtual: yes
Propagated: no
Period: 25.000000

===========================================================================
report_clock_properties
============================================================================
Clock                   Period          Waveform
----------------------------------------------------
clk                  25.000000    0.000000 12.500000

===========================================================================
report_clock_latency
============================================================================
Clock clk
rise -> rise
    min     max
0.000000 0.000000 source latency
0.454212         network latency out_sky130_fd_sc_hd__dfxtp_2_Q_31/CLK
        0.472812 network latency out_sky130_fd_sc_hd__dfxtp_2_Q/CLK
---------------
0.454212 0.472812 latency
        0.018600 skew

fall -> fall
    min     max
0.000000 0.000000 source latency
0.399957         network latency out_sky130_fd_sc_hd__dfxtp_2_Q_31/CLK
        0.415789 network latency out_sky130_fd_sc_hd__dfxtp_2_Q/CLK
---------------
0.399957 0.415789 latency
        0.015832 skew



===========================================================================
report_clock_min_period
============================================================================
clk period_min = 3.89 fmax = 257.25
