128. Printing statistics.

=== crossbar_mac ===

        +----------Local Count, excluding submodules.
        |        +-Local Area, excluding submodules.
        |        | 
     1719        - wires
     2021        - wire bits
       12        - public wires
      239        - public wire bits
        8        - ports
      111        - port bits
     1952 4.02E+03 cells
      491        -   $_ANDNOT_
        6        -   $_AND_
      333        -   $_MUX_
       25        -   $_NAND_
      133        -   $_NOR_
       99        -   $_NOT_
       36        -   $_ORNOT_
      265        -   $_OR_
       86        -   $_XNOR_
      289        -   $_XOR_
      189 4.02E+03   sky130_fd_sc_hd__dfxtp_2

   Area for cell type $_ANDNOT_ is unknown!
   Area for cell type $_AND_ is unknown!
   Area for cell type $_MUX_ is unknown!
   Area for cell type $_NAND_ is unknown!
   Area for cell type $_NOR_ is unknown!
   Area for cell type $_NOT_ is unknown!
   Area for cell type $_ORNOT_ is unknown!
   Area for cell type $_OR_ is unknown!
   Area for cell type $_XNOR_ is unknown!
   Area for cell type $_XOR_ is unknown!

   Chip area for module '\crossbar_mac': 4020.105600
     of which used for sequential elements: 4020.105600 (100.00%)

