136. Printing statistics.

=== crossbar_mac ===

        +----------Local Count, excluding submodules.
        |        +-Local Area, excluding submodules.
        |        | 
     1045        - wires
     1148        - wire bits
      136        - public wires
      239        - public wire bits
        8        - ports
      111        - port bits
     1101 1.32E+04 cells
        3   30.029   sky130_fd_sc_hd__a211o_2
        5   50.048   sky130_fd_sc_hd__a21bo_2
       13   146.39   sky130_fd_sc_hd__a21boi_2
       42  367.853   sky130_fd_sc_hd__a21o_2
       63  551.779   sky130_fd_sc_hd__a21oi_2
        2   22.522   sky130_fd_sc_hd__a221o_2
       70  525.504   sky130_fd_sc_hd__and2_2
       16  140.134   sky130_fd_sc_hd__and2b_2
       13   97.594   sky130_fd_sc_hd__and3_2
        1    10.01   sky130_fd_sc_hd__and3b_2
        1   11.261   sky130_fd_sc_hd__and4b_2
        3   15.014   sky130_fd_sc_hd__buf_2
      189 4.02E+03   sky130_fd_sc_hd__dfxtp_2
        9   33.782   sky130_fd_sc_hd__inv_2
      231  2.6E+03   sky130_fd_sc_hd__mux2_1
       35   218.96   sky130_fd_sc_hd__nand2_2
       12  105.101   sky130_fd_sc_hd__nand2b_2
        6   60.058   sky130_fd_sc_hd__nand3_2
        1   11.261   sky130_fd_sc_hd__nand3b_2
       69  431.664   sky130_fd_sc_hd__nor2_2
        2   20.019   sky130_fd_sc_hd__nor3_2
        1   12.512   sky130_fd_sc_hd__nor3b_2
        3   37.536   sky130_fd_sc_hd__nor4_2
        3   45.043   sky130_fd_sc_hd__nor4b_2
        1    10.01   sky130_fd_sc_hd__o211a_2
        3   37.536   sky130_fd_sc_hd__o211ai_2
       52  455.437   sky130_fd_sc_hd__o21a_2
       20  175.168   sky130_fd_sc_hd__o21ai_2
        1    10.01   sky130_fd_sc_hd__o21ba_2
       12   135.13   sky130_fd_sc_hd__o21bai_2
        5   50.048   sky130_fd_sc_hd__o22a_2
        1   12.512   sky130_fd_sc_hd__o22ai_2
        1    10.01   sky130_fd_sc_hd__o31a_2
        4   50.048   sky130_fd_sc_hd__o31ai_2
       26  162.656   sky130_fd_sc_hd__or2_2
       12   90.086   sky130_fd_sc_hd__or3_2
        3   26.275   sky130_fd_sc_hd__or3b_2
       22  192.685   sky130_fd_sc_hd__or4_2
       14  140.134   sky130_fd_sc_hd__or4b_2
        2   25.024   sky130_fd_sc_hd__or4bb_2
       73 1.19E+03   sky130_fd_sc_hd__xnor2_2
       56  910.874   sky130_fd_sc_hd__xor2_2

   Chip area for module '\crossbar_mac': 13246.454400
     of which used for sequential elements: 4020.105600 (30.35%)

