┏━━━━━━━━━━━━━━━━━━━━━━┳━━━━━━━━━━┳━━━━━━━━━━┳━━━━━━━━━━┳━━━━━━━━━━┳━━━━━━━━━━━┳━━━━━━━━━━┳━━━━━━━━━━━┳━━━━━━━━━━┳━━━━━━━━━━━┳━━━━━━━━━━┳━━━━━━━━━━━┳━━━━━━━━━━┓
┃                      ┃ Hold     ┃ Reg to   ┃          ┃          ┃ of which  ┃ Setup    ┃           ┃          ┃           ┃ of which ┃           ┃          ┃
┃                      ┃ Worst    ┃ Reg      ┃          ┃ Hold Vio ┃ reg to    ┃ Worst    ┃ Reg to    ┃ Setup    ┃ Setup Vio ┃ reg to   ┃ Max Cap   ┃ Max Slew ┃
┃ Corner/Group         ┃ Slack    ┃ Paths    ┃ Hold TNS ┃ Count    ┃ reg       ┃ Slack    ┃ Reg Paths ┃ TNS      ┃ Count     ┃ reg      ┃ Violatio… ┃ Violati… ┃
┡━━━━━━━━━━━━━━━━━━━━━━╇━━━━━━━━━━╇━━━━━━━━━━╇━━━━━━━━━━╇━━━━━━━━━━╇━━━━━━━━━━━╇━━━━━━━━━━╇━━━━━━━━━━━╇━━━━━━━━━━╇━━━━━━━━━━━╇━━━━━━━━━━╇━━━━━━━━━━━╇━━━━━━━━━━┩
│ Overall              │ 0.3907   │ 0.3906   │ 0.0000   │ 0        │ 0         │ 8.5706   │ N/A       │ 0.0000   │ 0         │ 0        │ 0         │ 7        │
│ nom_tt_025C_1v80     │ 0.7218   │ 0.7218   │ 0.0000   │ 0        │ 0         │ 14.5313  │ N/A       │ 0.0000   │ 0         │ 0        │ 0         │ 0        │
│ nom_ss_100C_1v60     │ 1.7012   │ 1.7012   │ 0.0000   │ 0        │ 0         │ 8.6677   │ N/A       │ 0.0000   │ 0         │ 0        │ 0         │ 7        │
│ nom_ff_n40C_1v95     │ 0.3917   │ 0.3917   │ 0.0000   │ 0        │ 0         │ 16.6092  │ N/A       │ 0.0000   │ 0         │ 0        │ 0         │ 0        │
│ min_tt_025C_1v80     │ 0.7202   │ 0.7202   │ 0.0000   │ 0        │ 0         │ 14.5825  │ N/A       │ 0.0000   │ 0         │ 0        │ 0         │ 0        │
│ min_ss_100C_1v60     │ 1.6992   │ 1.6992   │ 0.0000   │ 0        │ 0         │ 8.7584   │ N/A       │ 0.0000   │ 0         │ 0        │ 0         │ 7        │
│ min_ff_n40C_1v95     │ 0.3907   │ 0.3906   │ 0.0000   │ 0        │ 0         │ 16.6424  │ N/A       │ 0.0000   │ 0         │ 0        │ 0         │ 0        │
│ max_tt_025C_1v80     │ 0.7240   │ 0.7240   │ 0.0000   │ 0        │ 0         │ 14.4794  │ N/A       │ 0.0000   │ 0         │ 0        │ 0         │ 0        │
│ max_ss_100C_1v60     │ 1.7051   │ 1.7051   │ 0.0000   │ 0        │ 0         │ 8.5706   │ N/A       │ 0.0000   │ 0         │ 0        │ 0         │ 7        │
│ max_ff_n40C_1v95     │ 0.3931   │ 0.3931   │ 0.0000   │ 0        │ 0         │ 16.5743  │ N/A       │ 0.0000   │ 0         │ 0        │ 0         │ 0        │
└──────────────────────┴──────────┴──────────┴──────────┴──────────┴───────────┴──────────┴───────────┴──────────┴───────────┴──────────┴───────────┴──────────┘
