#! /usr/local/bin/vvp
:ivl_version "14.0 (devel)" "(s20251012-145-g9b0d46b4b)";
:ivl_delay_selection "TYPICAL";
:vpi_time_precision + 0;
:vpi_module "/usr/local/lib/ivl/system.vpi";
:vpi_module "/usr/local/lib/ivl/vhdl_sys.vpi";
:vpi_module "/usr/local/lib/ivl/vhdl_textio.vpi";
:vpi_module "/usr/local/lib/ivl/v2005_math.vpi";
:vpi_module "/usr/local/lib/ivl/va_math.vpi";
:vpi_module "/usr/local/lib/ivl/v2009.vpi";
S_0x3fd388e0 .scope package, "$unit" "$unit" 2 1;
 .timescale 0 0;
S_0x3fd38a70 .scope module, "mac" "mac" 3 5;
 .timescale 0 0;
    .port_info 0 /INPUT 1 "clk";
    .port_info 1 /INPUT 1 "rst";
    .port_info 2 /INPUT 8 "a";
    .port_info 3 /INPUT 8 "b";
    .port_info 4 /OUTPUT 32 "out";
v0x3fd38cb0_0 .net/s *"_ivl_0", 15 0, L_0x3fd6e630;  1 drivers
v0x3fd6dfa0_0 .net/s *"_ivl_2", 15 0, L_0x3fd6e700;  1 drivers
o0x7f7ae44f7078 .functor BUFZ 8, c4<zzzzzzzz>; HiZ drive
v0x3fd6e080_0 .net/s "a", 7 0, o0x7f7ae44f7078;  0 drivers
o0x7f7ae44f70a8 .functor BUFZ 8, c4<zzzzzzzz>; HiZ drive
v0x3fd6e170_0 .net/s "b", 7 0, o0x7f7ae44f70a8;  0 drivers
o0x7f7ae44f70d8 .functor BUFZ 1, c4<z>; HiZ drive
v0x3fd6e250_0 .net "clk", 0 0, o0x7f7ae44f70d8;  0 drivers
v0x3fd6e310_0 .var/s "out", 31 0;
v0x3fd6e3f0_0 .net/s "product", 15 0, L_0x3fd6e800;  1 drivers
o0x7f7ae44f7168 .functor BUFZ 1, c4<z>; HiZ drive
v0x3fd6e4d0_0 .net "rst", 0 0, o0x7f7ae44f7168;  0 drivers
E_0x3fd5e3a0 .event posedge, v0x3fd6e250_0;
L_0x3fd6e630 .extend/s 16, o0x7f7ae44f7078;
L_0x3fd6e700 .extend/s 16, o0x7f7ae44f70a8;
L_0x3fd6e800 .arith/mult 16, L_0x3fd6e630, L_0x3fd6e700;
    .scope S_0x3fd38a70;
T_0 ;
    %wait E_0x3fd5e3a0;
    %load/vec4 v0x3fd6e4d0_0;
    %flag_set/vec4 8;
    %jmp/0xz  T_0.0, 8;
    %pushi/vec4 0, 0, 32;
    %assign/vec4 v0x3fd6e310_0, 0;
    %jmp T_0.1;
T_0.0 ;
    %load/vec4 v0x3fd6e310_0;
    %load/vec4 v0x3fd6e3f0_0;
    %pad/s 32;
    %add;
    %assign/vec4 v0x3fd6e310_0, 0;
T_0.1 ;
    %jmp T_0;
    .thread T_0;
# The file index is used to find the file name in the following table.
:file_names 4;
    "N/A";
    "<interactive>";
    "-";
    "mac_llm_B.v";
