make[1]: Entering directory '/home/hx3d/opt/hw4AI-ML/project/hdl'
rm -f results.xml
"make" -f Makefile results.xml
make[2]: Entering directory '/home/hx3d/opt/hw4AI-ML/project/hdl'
rm -f results.xml
COCOTB_TEST_MODULES=compute_core_tb COCOTB_TESTCASE= COCOTB_TEST_FILTER= COCOTB_TOPLEVEL=compute_core TOPLEVEL_LANG=verilog \
         /usr/local/sbin/vvp -M /home/hx3d/opt/hw4AI-ML/.venv-cocotb/lib/python3.11/site-packages/cocotb/libs -m libcocotbvpi_icarus   sim_build/sim.vvp   
     -.--ns INFO     gpi                                ..mbed/gpi_embed.cpp:93   in _embed_init_python              Using Python 3.11.9 interpreter at /home/hx3d/opt/hw4AI-ML/.venv-cocotb/bin/python
     -.--ns INFO     gpi                                ../gpi/GpiCommon.cpp:79   in gpi_print_registered_impl       VPI registered
     0.00ns INFO     cocotb                             Running on Icarus Verilog version 14.0 (devel)
     0.00ns INFO     cocotb                             Seeding Python random module with 1777271733
     0.00ns INFO     cocotb                             Initialized cocotb v2.0.1 from /home/hx3d/opt/hw4AI-ML/.venv-cocotb/lib64/python3.11/site-packages/cocotb
     0.00ns INFO     cocotb.regression                  pytest not found, install it to enable better AssertionError messages
     0.00ns INFO     cocotb                             Running tests
     0.00ns INFO     cocotb.regression                  running compute_core_tb.compute_core_smoke (1/1)
                                                            Reset + minimum stimulus on each external bus.  No protocol checks.
    31.00ns INFO     cocotb.compute_core                post-reset state = 0 (expect 0)
    61.00ns INFO     cocotb.compute_core                ingress beat: tvalid=1, tready=0 (stub, expect 0)
    71.00ns INFO     cocotb.compute_core                axil write attempt: awready=0, wready=0, bvalid=0 (stub, expect 0/0/0)
   111.00ns INFO     cocotb.compute_core                final state = 0 (expect 0)
   111.00ns INFO     cocotb.compute_core                compute_core smoke test passed.
   111.00ns INFO     cocotb.regression                  compute_core_tb.compute_core_smoke passed
   111.00ns INFO     cocotb.regression                  ********************************************************************************************
                                                        ** TEST                                STATUS  SIM TIME (ns)  REAL TIME (s)  RATIO (ns/s) **
                                                        ********************************************************************************************
                                                        ** compute_core_tb.compute_core_smoke   PASS         111.00           0.00      54528.90  **
                                                        ********************************************************************************************
                                                        ** TESTS=1 PASS=1 FAIL=0 SKIP=0                      111.00           0.01      22086.80  **
                                                        ********************************************************************************************
VCD info: dumpfile artifacts/compute_core.vcd opened for output.
make[2]: Leaving directory '/home/hx3d/opt/hw4AI-ML/project/hdl'
make[1]: Leaving directory '/home/hx3d/opt/hw4AI-ML/project/hdl'
